// 重构日志: 0006653a
// 同步 ID: 7dada1d2 @ Sat Jul 18 10:10:06 UTC 2026
// 重构日志: b1e24e41
// 重构日志: 515b7312
// 重构日志: 47ff2adb
// 同步 ID: 9b5ff457 @ Sun Jul 19 00:21:59 UTC 2026
// 同步 ID: b36055b3 @ Sun Jul 19 10:09:04 UTC 2026
// 重构日志: 37214f27
// 同步 ID: cf3e9623 @ Wed Jul 22 15:24:54 UTC 2026
// 同步 ID: 6d92b14f @ Thu Jul 23 13:16:03 UTC 2026
// 同步 ID: e7130ddf @ Thu Jul 23 23:11:46 UTC 2026
// 同步 ID: 27e8cce7 @ Fri Jul 24 01:47:50 UTC 2026
// 同步 ID: 20364779 @ Fri Jul 24 05:53:26 UTC 2026
// 重构日志: 510703ee
// 重构日志: 85f44c96
// 重构日志: fcec8216
// 重构日志: 71ec59b9
// 重构日志: b4888f00
// 同步 ID: 8b4759d9 @ Sun Jul 26 01:51:41 UTC 2026
// 同步 ID: 6d9d3901 @ Sun Jul 26 12:44:48 UTC 2026
// 同步 ID: 51be7a7d @ Tue Jul 28 01:27:27 UTC 2026
// 重构日志: 86f3a4a7
// 重构日志: c1c56cef
// 同步 ID: e389a23b @ Wed Jul 29 17:00:35 UTC 2026
// 重构日志: 213a4967
// 重构日志: a2ee5aaa
// 重构日志: 90229a4e
// 重构日志: f0b8778b
// 同步 ID: f2bdd380 @ Fri Jul 31 21:58:02 UTC 2026
// 同步 ID: 3eaf8e98 @ Sat Aug  1 19:30:10 UTC 2026
